
> tasks@0.1.0 test
> react-scripts test --coverage

Browserslist: caniuse-lite is outdated. Please run:
  npx browserslist@latest --update-db
  Why you should do it regularly: https://github.com/browserslist/browserslist#browsers-data-updating
PASS src/quizzer/Quizzer.test.tsx
PASS src/App.test.tsx
-------------------|---------|----------|---------|---------|--------------------------------------------
File               | % Stmts | % Branch | % Funcs | % Lines | Uncovered Line #s                          
-------------------|---------|----------|---------|---------|--------------------------------------------
All files          |   82.19 |    82.75 |   76.71 |   81.42 |                                            
 src               |   66.66 |       50 |      50 |   66.66 |                                            
  App.tsx          |   66.66 |       50 |      50 |   66.66 | 16                                         
 src/interfaces    |       0 |        0 |       0 |       0 |                                            
  question.ts      |       0 |        0 |       0 |       0 |                                            
  quiz.ts          |       0 |        0 |       0 |       0 |                                            
 src/quizzer       |   82.51 |    85.18 |   77.46 |   81.75 |                                            
  AddQuizModal.tsx |   64.28 |      100 |      40 |   64.28 | 35-53                                      
  QuestionEdit.tsx |   46.66 |    66.66 |      40 |   46.66 | 26-29,48-49,56-58,66-68,91-164,198,225,250 
  QuizCard.tsx     |     100 |       80 |     100 |     100 | 31                                         
  QuizEdit.tsx     |   85.18 |      100 |   73.33 |      84 | 32-34,67,97                                
  QuizExpanded.tsx |     100 |    85.71 |     100 |     100 | 70                                         
  QuizList.tsx     |     100 |      100 |     100 |     100 |                                            
  QuizQuestion.tsx |     100 |    85.71 |     100 |     100 | 23-30                                      
  QuizView.tsx     |     100 |      100 |     100 |     100 |                                            
  Quizzer.tsx      |     100 |      100 |     100 |     100 |                                            
-------------------|---------|----------|---------|---------|--------------------------------------------

Test Suites: 2 passed, 2 total
Tests:       15 passed, 15 total
Snapshots:   0 total
Time:        5.147 s
Ran all test suites.
